(TranslationUnit 
    (SymbolTable
        1
        {
            fun1:
                (Function 
                    (SymbolTable
                        4
                        {
                            a:
                                (Variable 
                                    4 
                                    a 
                                    Local 
                                    () 
                                    () 
                                    Default 
                                    (Real 4 []) 
                                    Source 
                                    Public 
                                    Required 
                                    .false.
                                )
                            
                        }) 
                    fun1 
                    [] 
                    [] 
                    [(= 
                        (Var 4 a) 
                        (Cast 
                            (IntegerConstant 100 (Integer 4 [])) 
                            IntegerToReal 
                            (Real 4 []) 
                            (RealConstant 
                                100.000000 
                                (Real 4 [])
                            )
                        ) 
                        ()
                    )
                    (= 
                        (Var 4 a) 
                        (RealBinOp 
                            (Var 4 a) 
                            Add 
                            (Cast 
                                (IntegerConstant 1 (Integer 4 [])) 
                                IntegerToReal 
                                (Real 4 []) 
                                (RealConstant 
                                    1.000000 
                                    (Real 4 [])
                                )
                            ) 
                            (Real 4 []) 
                            ()
                        ) 
                        ()
                    )] 
                    () 
                    Source 
                    Public 
                    Interface 
                    () 
                    .false. 
                    .false. 
                    .false. 
                    .false.
                ), 
            fun2:
                (Function 
                    (SymbolTable
                        5
                        {
                            
                        }) 
                    fun2 
                    [] 
                    [] 
                    [] 
                    () 
                    Source 
                    Public 
                    Interface 
                    () 
                    .false. 
                    .false. 
                    .false. 
                    .false.
                ), 
            g:
                (Function 
                    (SymbolTable
                        6
                        {
                            fun:
                                (Variable 
                                    6 
                                    fun 
                                    Unspecified 
                                    () 
                                    () 
                                    Default 
                                    (Integer 4 []) 
                                    Source 
                                    Public 
                                    Required 
                                    .false.
                                ), 
                            i:
                                (Variable 
                                    6 
                                    i 
                                    Local 
                                    () 
                                    () 
                                    Default 
                                    (Integer 4 []) 
                                    Source 
                                    Public 
                                    Required 
                                    .false.
                                ), 
                            proc:
                                (Variable 
                                    6 
                                    proc 
                                    Unspecified 
                                    () 
                                    () 
                                    Default 
                                    (Real 4 []) 
                                    Source 
                                    Public 
                                    Required 
                                    .false.
                                )
                            
                        }) 
                    g 
                    [(Var 6 proc)
                    (Var 6 fun)] 
                    [] 
                    [(= 
                        (Var 6 i) 
                        (ArrayItem 
                            (Var 6 fun) 
                            [] 
                            (Integer 4 []) 
                            ()
                        ) 
                        ()
                    )
                    (SubroutineCall 
                        6 proc 
                        () 
                        [((Var 6 i))] 
                        ()
                    )] 
                    () 
                    Source 
                    Public 
                    Implementation 
                    () 
                    .false. 
                    .false. 
                    .false. 
                    .false.
                ), 
            main:
                (Program 
                    (SymbolTable
                        2
                        {
                            fun2:
                                (Variable 
                                    2 
                                    fun2 
                                    Local 
                                    () 
                                    () 
                                    Default 
                                    (Integer 4 []) 
                                    Source 
                                    Public 
                                    Required 
                                    .false.
                                )
                            
                        }) 
                    main 
                    [] 
                    [(SubroutineCall 
                        1 g 
                        () 
                        [((Var 1 sub1))
                        ((Var 1 fun1))] 
                        ()
                    )]
                ), 
            sub1:
                (Function 
                    (SymbolTable
                        3
                        {
                            fun1:
                                (Function 
                                    (SymbolTable
                                        7
                                        {
                                            a:
                                                (Variable 
                                                    7 
                                                    a 
                                                    Local 
                                                    () 
                                                    () 
                                                    Default 
                                                    (Integer 4 []) 
                                                    Source 
                                                    Public 
                                                    Required 
                                                    .false.
                                                ), 
                                            fun1:
                                                (Variable 
                                                    7 
                                                    fun1 
                                                    ReturnVar 
                                                    () 
                                                    () 
                                                    Default 
                                                    (Integer 4 []) 
                                                    Source 
                                                    Public 
                                                    Required 
                                                    .false.
                                                )
                                            
                                        }) 
                                    fun1 
                                    [] 
                                    [] 
                                    [] 
                                    (Var 7 fun1) 
                                    Source 
                                    Public 
                                    Implementation 
                                    () 
                                    .false. 
                                    .false. 
                                    .false. 
                                    .false.
                                ), 
                            i:
                                (Variable 
                                    3 
                                    i 
                                    Unspecified 
                                    () 
                                    () 
                                    Default 
                                    (Integer 4 []) 
                                    Source 
                                    Public 
                                    Required 
                                    .false.
                                )
                            
                        }) 
                    sub1 
                    [(Var 3 i)] 
                    [] 
                    [(FileWrite 
                        0 
                        () 
                        () 
                        () 
                        () 
                        () 
                        [(Var 3 i)] 
                        () 
                        ()
                    )] 
                    () 
                    Source 
                    Public 
                    Interface 
                    () 
                    .false. 
                    .false. 
                    .false. 
                    .false.
                )
            
        }) 
    []
)
