(TranslationUnit (SymbolTable 1 {main: (Program (SymbolTable 2 {a: (Variable 2 a Local () () Default (Integer 4 []) Source Public Required .false.)}) main [] [(If (IntegerCompare (IntegerConstant 1 (Integer 4 [])) GtE (IntegerConstant 0 (Integer 4 [])) (Logical 4 []) (LogicalConstant .true. (Logical 4 []))) [(GoTo 20)] []) (= (Var 2 a) (IntegerConstant 1 (Integer 4 [])) ()) (GoTo 30) (GoToTarget 20) (= (Var 2 a) (IntegerConstant 0 (Integer 4 [])) ()) (GoToTarget 30)])}) [])
