(TranslationUnit 
    (SymbolTable
        1
        {
            main:
                (Program 
                    (SymbolTable
                        2
                        {
                            k:
                                (Variable 
                                    2 
                                    k 
                                    Local 
                                    () 
                                    () 
                                    Default 
                                    (Integer 4 []) 
                                    Source 
                                    Public 
                                    Optional 
                                    .false.
                                )
                            
                        }) 
                    main 
                    [] 
                    [(GoToTarget 
                        1000
                    )
                    (If 
                        (IntegerCompare 
                            (IntegerConstant 0 (Integer 4 [])) 
                            Lt 
                            (IntegerConstant 1 (Integer 4 [])) 
                            (Logical 4 []) 
                            (LogicalConstant 
                                .true. 
                                (Logical 4 [])
                            )
                        ) 
                        [(= 
                            (Var 2 k) 
                            (IntegerConstant 1 (Integer 4 [])) 
                            ()
                        )] 
                        []
                    )
                    (GoToTarget 
                        100
                    )
                    (Select 
                        (Var 2 k) 
                        [] 
                        []
                    )
                    (GoToTarget 
                        1
                    )
                    (Print 
                        () 
                        [(StringConstant 
                            "run" 
                            (Character 1 3 () [])
                        )] 
                        () 
                        ()
                    )]
                )
            
        }) 
    []
)
