label is 100
(TranslationUnit 
    (SymbolTable
        1
        {
            main:
                (Program 
                    (SymbolTable
                        2
                        {
                            k:
                                (Variable 
                                    2 
                                    k 
                                    Local 
                                    () 
                                    () 
                                    Default 
                                    (Integer 8 []) 
                                    Source 
                                    Public 
                                    Optional 
                                    .false.
                                )
                            
                        }) 
                    main 
                    [] 
                    [(GoToTarget 
                        100
                    )
                    (If 
                        (IntegerCompare 
                            (IntegerConstant 0 (Integer 4 [])) 
                            Lt 
                            (IntegerConstant 1 (Integer 4 [])) 
                            (Logical 4 []) 
                            (LogicalConstant 
                                .true. 
                                (Logical 4 [])
                            )
                        ) 
                        [(= 
                            (Var 2 k) 
                            (IntegerConstant 100 (Integer 8 [])) 
                            ()
                        )] 
                        []
                    )
                    (Select 
                        (IntegerBinOp 
                            (Var 2 k) 
                            Add 
                            (Cast 
                                (IntegerConstant 1 (Integer 4 [])) 
                                IntegerToInteger 
                                (Integer 8 []) 
                                (IntegerConstant 1 (Integer 8 []))
                            ) 
                            (Integer 8 []) 
                            ()
                        ) 
                        [(CaseStmt 
                            [(IntegerConstant 1 (Integer 4 []))] 
                            [(GoTo 
                                100
                            )]
                        )
                        (CaseStmt 
                            [(IntegerConstant 2 (Integer 4 []))] 
                            [(GoTo 
                                101
                            )]
                        )] 
                        []
                    )
                    (GoToTarget 
                        101
                    )
                    (Print 
                        () 
                        [(StringConstant 
                            "yes" 
                            (Character 1 3 () [])
                        )] 
                        () 
                        ()
                    )]
                )
            
        }) 
    []
)
