(TranslationUnit 
    [(Program 
        assign3 
        () 
        [] 
        [] 
        [] 
        [(Assign 
            10 
            10 
            next 
            ()
        )] 
        []
    )]
)
