(TranslationUnit 
    [(Program 
        call1 
        () 
        [] 
        [] 
        [] 
        [(SubroutineCall 
            0 
            f 
            [] 
            [] 
            [] 
            ()
        )
        (SubroutineCall 
            0 
            f 
            [] 
            [] 
            [] 
            ()
        )
        (SubroutineCall 
            0 
            f_s 
            [] 
            [] 
            [] 
            ()
        )] 
        []
    )]
)
