(TranslationUnit 
    [(Program 
        main 
        () 
        [] 
        [] 
        [] 
        [(If 
            100 
            () 
            (< 0 1) 
            [(Assign 
                0 
                100 
                k 
                ()
            )] 
            [] 
            () 
            () 
            ()
        )
        (GoTo 
            0 
            () 
            (+ k 1) 
            [100
            101] 
            ()
        )
        (Print 
            101 
            () 
            [(String 
                "yes"
            )] 
            ()
        )] 
        []
    )]
)
