(TranslationUnit 
    [(Program 
        main 
        () 
        [] 
        [] 
        [] 
        [(If 
            1000 
            () 
            (< 0 1) 
            [(Assign 
                0 
                1 
                k 
                ()
            )] 
            [] 
            () 
            () 
            ()
        )
        (GoTo 
            100 
            k 
            () 
            [] 
            ()
        )
        (Print 
            1 
            () 
            [(String 
                "run"
            )] 
            ()
        )] 
        []
    )]
)
