style suggestion: Use '<=' instead of '.le.'
  --> tests/fixedform_subroutine.f:10:12
   |
10 |       if (k.le.10000) then
   |            ^^^^ help: write this as '<='

style suggestion: Use 'end if' instead of 'endif'
  --> tests/fixedform_subroutine.f:17:7
   |
17 |       endif
   |       ^^^^^^ help: write this as 'end if'
