style suggestion: Use 'end if' instead of 'endif'
  --> tests/fixedform_assignment.f:15:7
   |
15 |       endif
   |       ^^^^^^ help: write this as 'end if'
