(TranslationUnit 
    [(Program 
        main 
        (TriviaNode 
            [] 
            [(EndOfLine)
            (EndOfLine)]
        ) 
        [] 
        [] 
        [(Declaration 
            () 
            [(SimpleAttribute 
                AttrExternal
            )] 
            [(sub1 
            [] 
            [] 
            () 
            None 
            ())] 
            (TriviaNode 
                [] 
                [(EOLComment 
                    "! external statement"
                )]
            )
        )
        (Declaration 
            () 
            [(SimpleAttribute 
                AttrExternal
            )] 
            [(fun1 
            [] 
            [] 
            () 
            None 
            ())] 
            (TriviaNode 
                [] 
                [(EOLComment 
                    "! external attribute"
                )]
            )
        )
        (Declaration 
            (AttrType 
                TypeInteger 
                [] 
                () 
                None
            ) 
            [(SimpleAttribute 
                AttrExternal
            )] 
            [(fun2 
            [] 
            [] 
            () 
            None 
            ())] 
            ()
        )] 
        [(SubroutineCall 
            0 
            g 
            [] 
            [(() 
            sub1 
            ())
            (() 
            fun1 
            ())] 
            [] 
            ()
        )] 
        []
    )
    (Subroutine 
        g 
        [(proc)
        (fun)] 
        [] 
        () 
        (TriviaNode 
            [] 
            [(EndOfLine)
            (EndOfLine)]
        ) 
        [] 
        [] 
        [] 
        [(Declaration 
            (AttrType 
                TypeInteger 
                [] 
                () 
                None
            ) 
            [] 
            [(fun 
            [] 
            [] 
            () 
            None 
            ())
            (i 
            [] 
            [] 
            () 
            None 
            ())] 
            ()
        )] 
        [(= 
            0 
            i 
            (FuncCallOrArray 
                fun 
                [] 
                [] 
                [] 
                []
            ) 
            ()
        )
        (SubroutineCall 
            0 
            proc 
            [] 
            [(() 
            i 
            ())] 
            [] 
            ()
        )] 
        []
    )
    (Subroutine 
        sub1 
        [(i)] 
        [] 
        () 
        (TriviaNode 
            [] 
            [(EndOfLine)
            (EndOfLine)]
        ) 
        [] 
        [] 
        [] 
        [(Declaration 
            (AttrType 
                TypeInteger 
                [] 
                () 
                None
            ) 
            [] 
            [(i 
            [] 
            [] 
            () 
            None 
            ())] 
            ()
        )] 
        [(Write 
            0 
            [(())
            (())] 
            [] 
            [i] 
            ()
        )] 
        []
    )
    (Function 
        fun1 
        [] 
        [(AttrType 
            TypeInteger 
            [] 
            () 
            None
        )] 
        () 
        () 
        (TriviaNode 
            [] 
            [(EndOfLine)
            (EndOfLine)
            (Comment 
                "! TODO the below should work fine the moment LFortran implements statement functions"
            )
            (Comment 
                "!integer function fun2()"
            )
            (Comment 
                "!    integer a"
            )
            (Comment 
                "!    a = 100"
            )
            (Comment 
                "!    fun2 = a + 1"
            )
            (Comment 
                "!end function"
            )]
        ) 
        [] 
        [] 
        [] 
        [(Declaration 
            (AttrType 
                TypeInteger 
                [] 
                () 
                None
            ) 
            [] 
            [(a 
            [] 
            [] 
            () 
            None 
            ())] 
            ()
        )] 
        [(= 
            0 
            a 
            100 
            ()
        )
        (= 
            0 
            a 
            (+ a 1) 
            ()
        )] 
        []
    )]
)
