; ModuleID = 'LFortran'
source_filename = "LFortran"

declare void @__module_lfortran_intrinsic_builtin_move_alloc(i32*, i32*)

define i32 @main() {
.entry:
  ret i32 0
}
